// Jest Snapshot v1, https://goo.gl/fbAQLP

exports[`<DetailsRelatedContainer/> with no props should match the snapshot 1`] = `null`;

exports[`<DetailsRelatedContainer/> with props should match the snapshot 1`] = `"<div class=\\"details-related__Related-sc37ur-0 junUEP\\"><div class=\\"details-related__RelatedHeader-sc37ur-1 gfVNED\\">More Like This</div><div class=\\"details-related__RelatedItems-sc37ur-2 dAqrBA\\"><div class=\\"details-related__RelatedItem-sc37ur-3 gEbZDS\\"><div class=\\"details-related__RelatedItemImageWrapper-sc37ur-5 fdyvQV\\"><img src=\\"/\\" alt=\\"Video preview\\" class=\\"details-related__RelatedItemImage-sc37ur-4 hdiXrg\\"><div class=\\"details-related__RelatedItemImageOverlay-sc37ur-6 enoaEM\\"><div class=\\"details-related__RelatedItemImageOverlayButton-sc37ur-7 clPUYU\\"><svg stroke=\\"currentColor\\" fill=\\"currentColor\\" stroke-width=\\"0\\" viewBox=\\"0 0 24 24\\" height=\\"1em\\" width=\\"1em\\" xmlns=\\"http://www.w3.org/2000/svg\\"><path fill=\\"none\\" stroke=\\"#000\\" stroke-width=\\"2\\" d=\\"M3,22.0000002 L21,12 L3,2 L3,22.0000002 Z M5,19 L17.5999998,11.9999999 L5,5 L5,19 Z M7,16 L14.1999999,12 L7,8 L7,16 Z M9,13 L10.8,12 L9,11 L9,13 Z\\"></path></svg></div></div></div><div class=\\"details-related__RelatedItemMain-sc37ur-8 icSVXM\\"><div class=\\"details-related__RelatedItemTitle-sc37ur-9 cpwvSI\\">test</div><div class=\\"details-related__RelatedItemInfo-sc37ur-10 bFWWtz\\"><span>12</span> 2020</div><div class=\\"details-related__RelatedItemDescription-sc37ur-11 kZkqzp\\">Lorem ipsum dolor sit amet consectetur adipisicing elit. Veritatis, enim!</div></div></div><div class=\\"details-related__RelatedItem-sc37ur-3 gEbZDS\\"><div class=\\"details-related__RelatedItemImageWrapper-sc37ur-5 fdyvQV\\"><img src=\\"/\\" alt=\\"Video preview\\" class=\\"details-related__RelatedItemImage-sc37ur-4 hdiXrg\\"><div class=\\"details-related__RelatedItemImageOverlay-sc37ur-6 enoaEM\\"><div class=\\"details-related__RelatedItemImageOverlayButton-sc37ur-7 clPUYU\\"><svg stroke=\\"currentColor\\" fill=\\"currentColor\\" stroke-width=\\"0\\" viewBox=\\"0 0 24 24\\" height=\\"1em\\" width=\\"1em\\" xmlns=\\"http://www.w3.org/2000/svg\\"><path fill=\\"none\\" stroke=\\"#000\\" stroke-width=\\"2\\" d=\\"M3,22.0000002 L21,12 L3,2 L3,22.0000002 Z M5,19 L17.5999998,11.9999999 L5,5 L5,19 Z M7,16 L14.1999999,12 L7,8 L7,16 Z M9,13 L10.8,12 L9,11 L9,13 Z\\"></path></svg></div></div></div><div class=\\"details-related__RelatedItemMain-sc37ur-8 icSVXM\\"><div class=\\"details-related__RelatedItemTitle-sc37ur-9 cpwvSI\\">test</div><div class=\\"details-related__RelatedItemInfo-sc37ur-10 bFWWtz\\"><span>12</span> 2020</div><div class=\\"details-related__RelatedItemDescription-sc37ur-11 kZkqzp\\">Lorem ipsum dolor sit amet consectetur adipisicing elit. Veritatis, enim!</div></div></div></div></div>"`;
