// Jest Snapshot v1, https://goo.gl/fbAQLP

exports[`<DetailsHeaderContainer/> with no props should match the snapshot 1`] = `"<div class=\\"details-header__Header-dmikil-0 dYAEVp\\"><div data-testid=\\"loading\\" class=\\"details-header__Loading-dmikil-7 kasbKy\\"></div></div>"`;

exports[`<DetailsHeaderContainer/> with props should match the snapshot 1`] = `"<div class=\\"details-header__Header-dmikil-0 dYAEVp\\"><video type=\\"video/mp4\\" src=\\"/video\\" class=\\"details-header__Video-dmikil-1 gixNNu\\"></video><img src=\\"/backdrop\\" class=\\"details-header__Cover-dmikil-2 VXGPf\\"><div class=\\"details-header__Overlay-dmikil-3 AIpJn\\"><div class=\\"details-header__OverlayHalf-dmikil-4 xFnRs\\"><img src=\\"/logo\\" alt=\\"Video Logo\\" class=\\"details-header__Logo-dmikil-5 KAkvI\\"><div class=\\"details-header__ButtonsContainer-dmikil-6 kIMfuj\\"><button data-testid=\\"playButton\\" class=\\"button__Square-nas94j-1 gzHUah\\"><svg stroke=\\"currentColor\\" fill=\\"currentColor\\" stroke-width=\\"0\\" viewBox=\\"0 0 24 24\\" height=\\"1em\\" width=\\"1em\\" xmlns=\\"http://www.w3.org/2000/svg\\"><path fill=\\"none\\" stroke=\\"#000\\" stroke-width=\\"2\\" d=\\"M3,22.0000002 L21,12 L3,2 L3,22.0000002 Z M5,19 L17.5999998,11.9999999 L5,5 L5,19 Z M7,16 L14.1999999,12 L7,8 L7,16 Z M9,13 L10.8,12 L9,11 L9,13 Z\\"></path></svg> Play</button><div class=\\"button__Container-nas94j-3 kdslFq\\"><button data-testid=\\"listButton\\" class=\\"button__Round-nas94j-4 gGTyNM\\"><svg stroke=\\"currentColor\\" fill=\\"currentColor\\" stroke-width=\\"0\\" viewBox=\\"0 0 24 24\\" height=\\"1em\\" width=\\"1em\\" xmlns=\\"http://www.w3.org/2000/svg\\"><path d=\\"M19 11L13 11 13 5 11 5 11 11 5 11 5 13 11 13 11 19 13 19 13 13 19 13z\\"></path></svg></button><div class=\\"button__Label-nas94j-2 fApCpL\\">Add to My List</div></div><div class=\\"button__Container-nas94j-3 kdslFq\\"><button data-testid=\\"likeButton\\" class=\\"button__Round-nas94j-4 gGTyNM\\"><svg stroke=\\"currentColor\\" fill=\\"currentColor\\" stroke-width=\\"0\\" viewBox=\\"0 0 24 24\\" height=\\"1em\\" width=\\"1em\\" xmlns=\\"http://www.w3.org/2000/svg\\"><path d=\\"M20,8h-5.612l1.123-3.367c0.202-0.608,0.1-1.282-0.275-1.802S14.253,2,13.612,2H12c-0.297,0-0.578,0.132-0.769,0.36 L6.531,8H4c-1.103,0-2,0.897-2,2v9c0,1.103,0.897,2,2,2h3h10.307c0.829,0,1.581-0.521,1.873-1.298l2.757-7.351 C21.979,12.239,22,12.12,22,12v-2C22,8.897,21.103,8,20,8z M4,10h2v9H4V10z M20,11.819L17.307,19H8V9.362L12.468,4l1.146,0 l-1.562,4.683c-0.103,0.305-0.051,0.64,0.137,0.901C12.377,9.846,12.679,10,13,10h7V11.819z\\"></path></svg></button><div class=\\"button__Label-nas94j-2 fApCpL\\">I like this</div></div><div class=\\"button__Container-nas94j-3 kdslFq\\"><button data-testid=\\"dislikeButton\\" class=\\"button__Round-nas94j-4 gGTyNM\\"><svg stroke=\\"currentColor\\" fill=\\"currentColor\\" stroke-width=\\"0\\" viewBox=\\"0 0 24 24\\" height=\\"1em\\" width=\\"1em\\" xmlns=\\"http://www.w3.org/2000/svg\\"><path d=\\"M20,3h-3H6.693C5.864,3,5.112,3.521,4.82,4.298l-2.757,7.351C2.021,11.761,2,11.88,2,12v2c0,1.103,0.897,2,2,2h5.612 L8.49,19.367c-0.203,0.608-0.101,1.282,0.274,1.802C9.14,21.689,9.746,22,10.388,22H12c0.297,0,0.578-0.132,0.769-0.36l4.7-5.64 H20c1.103,0,2-0.897,2-2V5C22,3.897,21.103,3,20,3z M11.531,20h-1.145l1.562-4.684c0.103-0.305,0.051-0.64-0.137-0.901 C11.623,14.154,11.321,14,11,14H4v-1.819L6.693,5H16v9.638L11.531,20z M18,14V5h2l0.001,9H18z\\"></path></svg></button><div class=\\"button__Label-nas94j-2 fApCpL\\">Not for me</div></div></div></div><div class=\\"details-header__OverlayHalf-dmikil-4 xFnRs\\"><div class=\\"button__Container-nas94j-3 kdslFq\\"><button data-testid=\\"closeButton\\" class=\\"button__Round-nas94j-4 icIDoW\\"><svg stroke=\\"currentColor\\" fill=\\"currentColor\\" stroke-width=\\"0\\" viewBox=\\"0 0 24 24\\" height=\\"1em\\" width=\\"1em\\" xmlns=\\"http://www.w3.org/2000/svg\\"><path fill=\\"none\\" stroke=\\"#000\\" stroke-width=\\"2\\" d=\\"M3,3 L21,21 M3,21 L21,3\\"></path></svg></button></div><div class=\\"button__Container-nas94j-3 kdslFq\\"><button data-testid=\\"muteButton\\" class=\\"button__Round-nas94j-4 gGTyNM\\"><svg stroke=\\"currentColor\\" fill=\\"currentColor\\" stroke-width=\\"0\\" viewBox=\\"0 0 512 512\\" height=\\"1em\\" width=\\"1em\\" xmlns=\\"http://www.w3.org/2000/svg\\"><path d=\\"M275.5 96l-96 96h-96v128h96l96 96V96zm51.46 27.668l-4.66 17.387c52.066 13.95 88.2 61.04 88.2 114.945 0 53.904-36.134 100.994-88.2 114.945l4.66 17.387C386.81 372.295 428.5 317.962 428.5 256c0-61.963-41.69-116.295-101.54-132.332zm-12.425 46.365l-4.658 17.387C340.96 195.748 362.5 223.822 362.5 256s-21.54 60.252-52.623 68.58l4.658 17.387C353.402 331.552 380.5 296.237 380.5 256c0-40.238-27.098-75.552-65.965-85.967zm-12.424 46.363l-4.657 17.387C307.55 236.49 314.5 245.547 314.5 256s-6.95 19.51-17.047 22.217l4.658 17.387c17.884-4.792 30.39-21.09 30.39-39.604 0-18.513-12.506-34.812-30.39-39.604z\\"></path></svg></button></div></div></div></div>"`;
