// Jest Snapshot v1, https://goo.gl/fbAQLP

exports[`<DetailsEpisodesContainer/> with no props should match the snapshot 1`] = `""`;

exports[`<DetailsEpisodesContainer/> with props and updating should match the snapshot 1`] = `"<div class=\\"details-episodes__Episodes-q2f4d2-0 kNwKbG\\"><div class=\\"details-episodes__EpisodesHeader-q2f4d2-1 hrxrGP\\">Episodes<div class=\\"details-episodes__EpisodesSeasons-q2f4d2-2 gwFCAB\\"><button data-testid=\\"SeasonsButton\\" class=\\"details-episodes__EpisodesSeasonsButton-q2f4d2-3 dcCfkk\\"><span>Season 1</span></button><ul class=\\"details-episodes__EpisodesSeasonsList-q2f4d2-4 eJeDmD\\"><li class=\\"details-episodes__EpisodesSeason-q2f4d2-5 fQVBUV\\">Season 1</li></ul></div></div> <div class=\\"details-episodes__EpisodesList-q2f4d2-6\\"><div class=\\"details-episodes__EpisodeWrapperLoading-q2f4d2-8 MufwE\\"></div></div></div>"`;

exports[`<DetailsEpisodesContainer/> with props should match the snapshot 1`] = `"<div class=\\"details-episodes__Episodes-q2f4d2-0 kNwKbG\\"><div class=\\"details-episodes__EpisodesHeader-q2f4d2-1 hrxrGP\\">Episodes<div class=\\"details-episodes__EpisodesSeasons-q2f4d2-2 gwFCAB\\"><button data-testid=\\"SeasonsButton\\" class=\\"details-episodes__EpisodesSeasonsButton-q2f4d2-3 dcCfkk\\"><span>Season 1</span><svg stroke=\\"currentColor\\" fill=\\"currentColor\\" stroke-width=\\"0\\" viewBox=\\"0 0 24 24\\" height=\\"1em\\" width=\\"1em\\" xmlns=\\"http://www.w3.org/2000/svg\\"><path d=\\"M11.998 17L18.998 9 4.998 9z\\"></path></svg></button><ul class=\\"details-episodes__EpisodesSeasonsList-q2f4d2-4 eJeDmD\\"><li class=\\"details-episodes__EpisodesSeason-q2f4d2-5 fQVBUV\\">Season 1</li><li class=\\"details-episodes__EpisodesSeason-q2f4d2-5 fQVBUV\\">Season 2</li><li class=\\"details-episodes__EpisodesSeason-q2f4d2-5 fQVBUV\\">Season 3</li><li class=\\"details-episodes__EpisodesSeason-q2f4d2-5 fQVBUV\\">Season 4</li><li class=\\"details-episodes__EpisodesSeason-q2f4d2-5 fQVBUV\\">Season 5</li><li class=\\"details-episodes__EpisodesSeason-q2f4d2-5 fQVBUV\\">Season 6</li><li class=\\"details-episodes__EpisodesSeason-q2f4d2-5 fQVBUV\\">Season 7</li><li class=\\"details-episodes__EpisodesSeason-q2f4d2-5 fQVBUV\\">Season 8</li><li class=\\"details-episodes__EpisodesSeason-q2f4d2-5 fQVBUV\\">Season 9</li><li class=\\"details-episodes__EpisodesSeason-q2f4d2-5 fQVBUV\\">Season 10</li><li class=\\"details-episodes__EpisodesSeason-q2f4d2-5 fQVBUV\\">Season 11</li></ul></div></div> <div class=\\"details-episodes__EpisodesList-q2f4d2-6\\"><div class=\\"details-episodes__EpisodeWrapper-q2f4d2-7 bXGNmu\\"><div class=\\"details-episodes__Episode-q2f4d2-9 kMXxxi\\"><div class=\\"details-episodes__EpisodeNum-q2f4d2-10 fBBkLn\\">9</div><img src=\\"/\\" alt=\\"Episode preview\\" class=\\"details-episodes__EpisodeImage-q2f4d2-11 keHPpr\\"><div class=\\"details-episodes__EpisodeMain-q2f4d2-12 bnQqwN\\"><div class=\\"details-episodes__EpisodeHalf-q2f4d2-13 dRGDpb\\"><div class=\\"details-episodes__EpisodeTitle-q2f4d2-14 jXcepZ\\">Test</div><div class=\\"details-episodes__EpisodeTime-q2f4d2-15\\">57m</div></div><div class=\\"details-episodes__EpisodeHalf-q2f4d2-13 dRGDpb\\"><div class=\\"details-episodes__EpisodeDescription-q2f4d2-16 fntMBP\\">Lorem ipsum dolor, sit amet consectetur adipisicing elit. Vel, illo.</div></div></div></div></div><div class=\\"details-episodes__EpisodeWrapper-q2f4d2-7 bXGNmu\\"><div class=\\"details-episodes__Episode-q2f4d2-9 kMXxxi\\"><div class=\\"details-episodes__EpisodeNum-q2f4d2-10 fBBkLn\\">9</div><img src=\\"/\\" alt=\\"Episode preview\\" class=\\"details-episodes__EpisodeImage-q2f4d2-11 keHPpr\\"><div class=\\"details-episodes__EpisodeMain-q2f4d2-12 bnQqwN\\"><div class=\\"details-episodes__EpisodeHalf-q2f4d2-13 dRGDpb\\"><div class=\\"details-episodes__EpisodeTitle-q2f4d2-14 jXcepZ\\">Test2</div><div class=\\"details-episodes__EpisodeTime-q2f4d2-15\\">57m</div></div><div class=\\"details-episodes__EpisodeHalf-q2f4d2-13 dRGDpb\\"><div class=\\"details-episodes__EpisodeDescription-q2f4d2-16 fntMBP\\">Vel, illo.</div></div></div></div></div></div></div>"`;
